main.c:80:5:main	136	static
main.c:182:6:SystemClock_Config	88	static
main.c:225:13:MX_ADC1_Init	24	static
main.c:270:13:MX_I2C1_Init	8	static
main.c:304:13:MX_SPI1_Init	8	static
main.c:342:13:MX_TIM1_Init	32	static
main.c:388:13:MX_USART1_UART_Init	8	static
main.c:421:13:MX_GPIO_Init	32	static
main.c:452:6:aht10_task_start	16	static
main.c:474:6:soil_task_start	16	static
main.c:498:6:oled_task_start	56	static
main.c:536:6:uart_task_start	48	static
main.c:560:6:HAL_TIM_PeriodElapsedCallback	16	static
main.c:577:6:Error_Handler	4	static,ignoring_inline_asm
