main.c:62:6:serial_print	144	static
main.c:76:6:uart_rx_IT	8	static
main.c:82:6:TIM1_SetPeriod	24	static
main.c:96:6:HAL_UART_RxCpltCallback	16	static
main.c:115:6:uart_rx_process	24	static
main.c:131:6:HAL_TIM_PeriodElapsedCallback	16	static
main.c:140:6:task_aht10_read	8	static
main.c:145:6:task_soil_read	8	static
main.c:150:6:task_oled_display	48	static
main.c:163:6:task_uart_send	40	static
main.c:171:6:task_execute_periodic	8	static
main.c:179:5:main	8	static
main.c:235:6:SystemClock_Config	88	static
main.c:278:13:MX_ADC1_Init	24	static
main.c:323:13:MX_I2C1_Init	8	static
main.c:357:13:MX_SPI1_Init	8	static
main.c:395:13:MX_TIM1_Init	32	static
main.c:441:13:MX_USART1_UART_Init	8	static
main.c:474:13:MX_GPIO_Init	32	static
main.c:502:6:Error_Handler	4	static,ignoring_inline_asm
