main.c:63:6:task_aht10_read	8	static
main.c:68:6:task_soil_read	8	static
main.c:73:6:task_oled_display	48	static
main.c:86:6:task_uart_send	40	static
main.c:94:6:event_handle	16	static
main.c:140:5:main	16	static
main.c:197:6:SystemClock_Config	88	static
main.c:240:13:MX_ADC1_Init	24	static
main.c:285:13:MX_I2C1_Init	8	static
main.c:319:13:MX_SPI1_Init	8	static
main.c:357:13:MX_TIM1_Init	32	static
main.c:403:13:MX_USART1_UART_Init	8	static
main.c:436:13:MX_GPIO_Init	32	static
main.c:464:6:Error_Handler	4	static,ignoring_inline_asm
