main.c:63:6:HAL_TIM_PeriodElapsedCallback	16	static
main.c:96:6:task_aht10_read	8	static
main.c:101:6:task_soil_read	8	static
main.c:106:6:task_oled_display	48	static
main.c:119:6:task_uart_send	40	static
main.c:127:6:event_handle	16	static
main.c:173:5:main	16	static
main.c:232:6:SystemClock_Config	88	static
main.c:275:13:MX_ADC1_Init	24	static
main.c:320:13:MX_I2C1_Init	8	static
main.c:354:13:MX_SPI1_Init	8	static
main.c:392:13:MX_TIM1_Init	32	static
main.c:438:13:MX_USART1_UART_Init	8	static
main.c:471:13:MX_GPIO_Init	32	static
main.c:499:6:Error_Handler	4	static,ignoring_inline_asm
