main.c:63:6:serial_print	144	static
main.c:77:6:HAL_TIM_PeriodElapsedCallback	16	static
main.c:86:6:task_aht10_read	8	static
main.c:91:6:task_soil_read	8	static
main.c:96:6:task_oled_display	48	static
main.c:109:6:task_uart_send	40	static
main.c:117:6:task_execute_periodic	8	static
main.c:133:5:main	8	static
main.c:188:6:SystemClock_Config	88	static
main.c:231:13:MX_ADC1_Init	24	static
main.c:276:13:MX_I2C1_Init	8	static
main.c:310:13:MX_SPI1_Init	8	static
main.c:348:13:MX_TIM1_Init	32	static
main.c:394:13:MX_USART1_UART_Init	8	static
main.c:427:13:MX_GPIO_Init	32	static
main.c:455:6:Error_Handler	4	static,ignoring_inline_asm
