main.c:70:6:edf_schedule	48	static
main.c:111:5:main	232	static
main.c:221:6:SystemClock_Config	88	static
main.c:264:13:MX_ADC1_Init	24	static
main.c:309:13:MX_I2C1_Init	8	static
main.c:343:13:MX_SPI1_Init	8	static
main.c:381:13:MX_TIM1_Init	32	static
main.c:427:13:MX_USART1_UART_Init	8	static
main.c:460:13:MX_GPIO_Init	32	static
main.c:491:6:aht10_task_start	24	static
main.c:524:6:soil_task_start	24	static
main.c:557:6:oled_task_start	64	static
main.c:602:6:uart_task_start	56	static
main.c:628:6:edf_schedule_start	16	static
main.c:645:6:HAL_TIM_PeriodElapsedCallback	16	static
main.c:662:6:Error_Handler	4	static,ignoring_inline_asm
