main.c:61:5:main	136	static
main.c:161:6:SystemClock_Config	88	static
main.c:204:13:MX_ADC1_Init	24	static
main.c:249:13:MX_I2C1_Init	8	static
main.c:283:13:MX_SPI1_Init	8	static
main.c:321:13:MX_TIM1_Init	32	static
main.c:367:13:MX_USART1_UART_Init	8	static
main.c:400:13:MX_GPIO_Init	32	static
main.c:431:6:aht10_task_start	16	static
main.c:454:6:soil_task_start	16	static
main.c:478:6:oled_task_start	56	static
main.c:507:6:uart_task_start	48	static
main.c:534:6:HAL_TIM_PeriodElapsedCallback	16	static
main.c:551:6:Error_Handler	4	static,ignoring_inline_asm
